// Jest Snapshot v1, https://goo.gl/fbAQLP

exports[`ArticleList tests renders correctly 1`] = `
<div>
  <div>
    <div
      class="container"
    >
      <div
        class="container"
      >
        <div
          class="title"
        >
          You can take a pie on a plane
        </div>
        <button
          class="button"
        >
          Show more
        </button>
      </div>
      <div
        class="container"
      >
        <div
          class="title"
        >
          Boeing's 777X jetliner comes together 
        </div>
        <button
          class="button"
        >
          Show more
        </button>
      </div>
    </div>
  </div>
</div>
`;
